Get-Process : Cannot find a process with the name "bogusProcess". Verify the process name and call the cmdlet again.
At line:1 char:1
+ Get-Process -Name bogusProcess 2> c:\temp\errors.txt
+ ~~~~~~~~~~~~~~~~~~~~~~~~~~~~~~~~~~~~~~~~~~~~~~~~~~~~
    + CategoryInfo          : ObjectNotFound: (bogusProcess:String) [Get-Process], ProcessCommandException
    + FullyQualifiedErrorId : NoProcessFoundForGivenName,Microsoft.PowerShell.Commands.GetProcessCommand
 
Get-Process : Cannot find a process with the name "bogus". Verify the process name and call the cmdlet again.
At line:1 char:1
+ Get-Process -Name bogus 2>> C:\temp\errors.txt
+ ~~~~~~~~~~~~~~~~~~~~~~~~~~~~~~~~~~~~~~~~~~~~~~
    + CategoryInfo          : ObjectNotFound: (bogus:String) [Get-Process], ProcessCommandException
    + FullyQualifiedErrorId : NoProcessFoundForGivenName,Microsoft.PowerShell.Commands.GetProcessCommand
 
